--------------------------------------------------------------------------------
Release 14.7 Trace  (nt)
Copyright (c) 1995-2013 Xilinx, Inc.  All rights reserved.

C:\Xilinx\14.7\ISE_DS\ISE\bin\nt\unwrapped\trce.exe -intstyle ise -o
mojo_top_0.twr -v 30 -l 30 mojo_top_0_routed.ncd mojo_top_0.pcf

Design file:              mojo_top_0_routed.ncd
Physical constraint file: mojo_top_0.pcf
Device,package,speed:     xc6slx9,tqg144,C,-2 (PRODUCTION 1.23 2013-10-13)
Report level:             verbose report, limited to 30 items per constraint

Environment Variable      Effect 
--------------------      ------ 
NONE                      No environment variables were set
--------------------------------------------------------------------------------

INFO:Timing:2698 - No timing constraints found, doing default enumeration.
INFO:Timing:3412 - To improve timing, see the Timing Closure User Guide (UG612).
INFO:Timing:2752 - To get complete path coverage, use the unconstrained paths 
   option. All paths that are not constrained will be reported in the 
   unconstrained paths section(s) of the report.
INFO:Timing:3339 - The clock-to-out numbers in this timing report are based on 
   a 50 Ohm transmission line loading model.  For the details of this model, 
   and for more information on accounting for different loading conditions, 
   please see the device datasheet.



Data Sheet report:
-----------------
All values displayed in nanoseconds (ns)

Pad to Pad
---------------+---------------+---------+
Source Pad     |Destination Pad|  Delay  |
---------------+---------------+---------+
io_dip[0]      |io_led[0]      |   19.437|
io_dip[0]      |io_led[1]      |   18.656|
io_dip[0]      |io_led[2]      |   16.956|
io_dip[0]      |io_led[3]      |   17.550|
io_dip[0]      |io_led[4]      |   17.845|
io_dip[0]      |io_led[5]      |   18.207|
io_dip[0]      |io_led[6]      |   18.500|
io_dip[0]      |io_led[7]      |   18.284|
io_dip[0]      |io_led[8]      |   18.192|
io_dip[0]      |io_led[9]      |   18.056|
io_dip[0]      |io_led[10]     |   19.797|
io_dip[0]      |io_led[11]     |   19.312|
io_dip[0]      |io_led[12]     |   18.714|
io_dip[0]      |io_led[13]     |   17.753|
io_dip[0]      |io_led[14]     |   20.289|
io_dip[0]      |io_led[15]     |   19.653|
io_dip[0]      |io_led[16]     |   25.667|
io_dip[0]      |io_led[17]     |   25.851|
io_dip[0]      |io_led[18]     |   25.851|
io_dip[0]      |io_led[19]     |   25.949|
io_dip[0]      |io_led[20]     |   26.209|
io_dip[0]      |io_led[21]     |   25.952|
io_dip[0]      |io_led[22]     |   26.136|
io_dip[0]      |io_led[23]     |   26.632|
io_dip[1]      |io_led[0]      |   19.113|
io_dip[1]      |io_led[1]      |   18.332|
io_dip[1]      |io_led[2]      |   16.632|
io_dip[1]      |io_led[3]      |   17.226|
io_dip[1]      |io_led[4]      |   17.521|
io_dip[1]      |io_led[5]      |   17.883|
io_dip[1]      |io_led[6]      |   18.176|
io_dip[1]      |io_led[7]      |   17.960|
io_dip[1]      |io_led[8]      |   17.868|
io_dip[1]      |io_led[9]      |   17.732|
io_dip[1]      |io_led[10]     |   19.473|
io_dip[1]      |io_led[11]     |   18.988|
io_dip[1]      |io_led[12]     |   18.390|
io_dip[1]      |io_led[13]     |   17.429|
io_dip[1]      |io_led[14]     |   19.965|
io_dip[1]      |io_led[15]     |   19.329|
io_dip[1]      |io_led[16]     |   25.343|
io_dip[1]      |io_led[17]     |   25.527|
io_dip[1]      |io_led[18]     |   25.527|
io_dip[1]      |io_led[19]     |   25.625|
io_dip[1]      |io_led[20]     |   25.885|
io_dip[1]      |io_led[21]     |   25.628|
io_dip[1]      |io_led[22]     |   25.812|
io_dip[1]      |io_led[23]     |   26.308|
io_dip[2]      |io_led[0]      |   19.637|
io_dip[2]      |io_led[1]      |   18.856|
io_dip[2]      |io_led[2]      |   17.156|
io_dip[2]      |io_led[3]      |   17.750|
io_dip[2]      |io_led[4]      |   18.045|
io_dip[2]      |io_led[5]      |   18.407|
io_dip[2]      |io_led[6]      |   18.700|
io_dip[2]      |io_led[7]      |   18.484|
io_dip[2]      |io_led[8]      |   18.392|
io_dip[2]      |io_led[9]      |   18.256|
io_dip[2]      |io_led[10]     |   19.997|
io_dip[2]      |io_led[11]     |   19.512|
io_dip[2]      |io_led[12]     |   18.914|
io_dip[2]      |io_led[13]     |   17.953|
io_dip[2]      |io_led[14]     |   20.489|
io_dip[2]      |io_led[15]     |   19.853|
io_dip[2]      |io_led[16]     |   25.867|
io_dip[2]      |io_led[17]     |   26.051|
io_dip[2]      |io_led[18]     |   26.051|
io_dip[2]      |io_led[19]     |   26.149|
io_dip[2]      |io_led[20]     |   26.409|
io_dip[2]      |io_led[21]     |   26.152|
io_dip[2]      |io_led[22]     |   26.336|
io_dip[2]      |io_led[23]     |   26.832|
io_dip[3]      |io_led[0]      |   20.220|
io_dip[3]      |io_led[1]      |   19.439|
io_dip[3]      |io_led[2]      |   17.739|
io_dip[3]      |io_led[3]      |   18.333|
io_dip[3]      |io_led[4]      |   18.628|
io_dip[3]      |io_led[5]      |   18.990|
io_dip[3]      |io_led[6]      |   19.283|
io_dip[3]      |io_led[7]      |   19.067|
io_dip[3]      |io_led[8]      |   18.975|
io_dip[3]      |io_led[9]      |   18.839|
io_dip[3]      |io_led[10]     |   20.580|
io_dip[3]      |io_led[11]     |   20.095|
io_dip[3]      |io_led[12]     |   19.497|
io_dip[3]      |io_led[13]     |   18.536|
io_dip[3]      |io_led[14]     |   21.072|
io_dip[3]      |io_led[15]     |   20.436|
io_dip[3]      |io_led[16]     |   26.450|
io_dip[3]      |io_led[17]     |   26.634|
io_dip[3]      |io_led[18]     |   26.634|
io_dip[3]      |io_led[19]     |   26.732|
io_dip[3]      |io_led[20]     |   26.992|
io_dip[3]      |io_led[21]     |   26.735|
io_dip[3]      |io_led[22]     |   26.919|
io_dip[3]      |io_led[23]     |   27.415|
io_dip[4]      |io_led[0]      |   20.077|
io_dip[4]      |io_led[1]      |   19.296|
io_dip[4]      |io_led[2]      |   17.596|
io_dip[4]      |io_led[3]      |   18.190|
io_dip[4]      |io_led[4]      |   18.485|
io_dip[4]      |io_led[5]      |   18.847|
io_dip[4]      |io_led[6]      |   19.140|
io_dip[4]      |io_led[7]      |   18.924|
io_dip[4]      |io_led[8]      |   18.832|
io_dip[4]      |io_led[9]      |   18.696|
io_dip[4]      |io_led[10]     |   20.437|
io_dip[4]      |io_led[11]     |   19.952|
io_dip[4]      |io_led[12]     |   19.354|
io_dip[4]      |io_led[13]     |   18.393|
io_dip[4]      |io_led[14]     |   20.929|
io_dip[4]      |io_led[15]     |   20.293|
io_dip[4]      |io_led[16]     |   26.307|
io_dip[4]      |io_led[17]     |   26.491|
io_dip[4]      |io_led[18]     |   26.491|
io_dip[4]      |io_led[19]     |   26.589|
io_dip[4]      |io_led[20]     |   26.849|
io_dip[4]      |io_led[21]     |   26.592|
io_dip[4]      |io_led[22]     |   26.776|
io_dip[4]      |io_led[23]     |   27.272|
io_dip[5]      |io_led[0]      |   20.297|
io_dip[5]      |io_led[1]      |   19.516|
io_dip[5]      |io_led[2]      |   17.816|
io_dip[5]      |io_led[3]      |   18.410|
io_dip[5]      |io_led[4]      |   18.705|
io_dip[5]      |io_led[5]      |   19.067|
io_dip[5]      |io_led[6]      |   19.360|
io_dip[5]      |io_led[7]      |   19.144|
io_dip[5]      |io_led[8]      |   19.052|
io_dip[5]      |io_led[9]      |   18.916|
io_dip[5]      |io_led[10]     |   20.657|
io_dip[5]      |io_led[11]     |   20.172|
io_dip[5]      |io_led[12]     |   19.574|
io_dip[5]      |io_led[13]     |   18.613|
io_dip[5]      |io_led[14]     |   21.149|
io_dip[5]      |io_led[15]     |   20.513|
io_dip[5]      |io_led[16]     |   26.527|
io_dip[5]      |io_led[17]     |   26.711|
io_dip[5]      |io_led[18]     |   26.711|
io_dip[5]      |io_led[19]     |   26.809|
io_dip[5]      |io_led[20]     |   27.069|
io_dip[5]      |io_led[21]     |   26.812|
io_dip[5]      |io_led[22]     |   26.996|
io_dip[5]      |io_led[23]     |   27.492|
io_dip[6]      |io_led[0]      |   19.658|
io_dip[6]      |io_led[1]      |   18.877|
io_dip[6]      |io_led[2]      |   17.177|
io_dip[6]      |io_led[3]      |   17.771|
io_dip[6]      |io_led[4]      |   18.066|
io_dip[6]      |io_led[5]      |   18.428|
io_dip[6]      |io_led[6]      |   18.721|
io_dip[6]      |io_led[7]      |   18.505|
io_dip[6]      |io_led[8]      |   18.413|
io_dip[6]      |io_led[9]      |   18.277|
io_dip[6]      |io_led[10]     |   20.018|
io_dip[6]      |io_led[11]     |   19.533|
io_dip[6]      |io_led[12]     |   18.935|
io_dip[6]      |io_led[13]     |   17.974|
io_dip[6]      |io_led[14]     |   20.510|
io_dip[6]      |io_led[15]     |   19.874|
io_dip[6]      |io_led[16]     |   25.888|
io_dip[6]      |io_led[17]     |   26.072|
io_dip[6]      |io_led[18]     |   26.072|
io_dip[6]      |io_led[19]     |   26.170|
io_dip[6]      |io_led[20]     |   26.430|
io_dip[6]      |io_led[21]     |   26.173|
io_dip[6]      |io_led[22]     |   26.357|
io_dip[6]      |io_led[23]     |   26.853|
io_dip[7]      |io_led[0]      |   20.120|
io_dip[7]      |io_led[1]      |   19.339|
io_dip[7]      |io_led[2]      |   17.639|
io_dip[7]      |io_led[3]      |   18.233|
io_dip[7]      |io_led[4]      |   18.528|
io_dip[7]      |io_led[5]      |   18.890|
io_dip[7]      |io_led[6]      |   19.183|
io_dip[7]      |io_led[7]      |   18.967|
io_dip[7]      |io_led[8]      |   18.875|
io_dip[7]      |io_led[9]      |   18.739|
io_dip[7]      |io_led[10]     |   20.480|
io_dip[7]      |io_led[11]     |   19.995|
io_dip[7]      |io_led[12]     |   19.397|
io_dip[7]      |io_led[13]     |   18.436|
io_dip[7]      |io_led[14]     |   20.972|
io_dip[7]      |io_led[15]     |   20.336|
io_dip[7]      |io_led[16]     |   26.350|
io_dip[7]      |io_led[17]     |   26.534|
io_dip[7]      |io_led[18]     |   26.534|
io_dip[7]      |io_led[19]     |   26.632|
io_dip[7]      |io_led[20]     |   26.892|
io_dip[7]      |io_led[21]     |   26.635|
io_dip[7]      |io_led[22]     |   26.819|
io_dip[7]      |io_led[23]     |   27.315|
io_dip[8]      |io_led[0]      |   19.972|
io_dip[8]      |io_led[1]      |   19.191|
io_dip[8]      |io_led[2]      |   17.491|
io_dip[8]      |io_led[3]      |   18.085|
io_dip[8]      |io_led[4]      |   18.380|
io_dip[8]      |io_led[5]      |   18.742|
io_dip[8]      |io_led[6]      |   19.035|
io_dip[8]      |io_led[7]      |   18.819|
io_dip[8]      |io_led[8]      |   18.727|
io_dip[8]      |io_led[9]      |   18.591|
io_dip[8]      |io_led[10]     |   20.332|
io_dip[8]      |io_led[11]     |   19.847|
io_dip[8]      |io_led[12]     |   19.249|
io_dip[8]      |io_led[13]     |   18.288|
io_dip[8]      |io_led[14]     |   20.824|
io_dip[8]      |io_led[15]     |   20.188|
io_dip[8]      |io_led[16]     |   26.202|
io_dip[8]      |io_led[17]     |   26.386|
io_dip[8]      |io_led[18]     |   26.386|
io_dip[8]      |io_led[19]     |   26.484|
io_dip[8]      |io_led[20]     |   26.744|
io_dip[8]      |io_led[21]     |   26.487|
io_dip[8]      |io_led[22]     |   26.671|
io_dip[8]      |io_led[23]     |   27.167|
io_dip[9]      |io_led[0]      |   19.432|
io_dip[9]      |io_led[1]      |   18.651|
io_dip[9]      |io_led[2]      |   16.951|
io_dip[9]      |io_led[3]      |   17.545|
io_dip[9]      |io_led[4]      |   17.840|
io_dip[9]      |io_led[5]      |   18.202|
io_dip[9]      |io_led[6]      |   18.495|
io_dip[9]      |io_led[7]      |   18.279|
io_dip[9]      |io_led[8]      |   18.187|
io_dip[9]      |io_led[9]      |   18.051|
io_dip[9]      |io_led[10]     |   19.792|
io_dip[9]      |io_led[11]     |   19.307|
io_dip[9]      |io_led[12]     |   18.709|
io_dip[9]      |io_led[13]     |   17.748|
io_dip[9]      |io_led[14]     |   20.284|
io_dip[9]      |io_led[15]     |   19.648|
io_dip[9]      |io_led[16]     |   25.662|
io_dip[9]      |io_led[17]     |   25.846|
io_dip[9]      |io_led[18]     |   25.846|
io_dip[9]      |io_led[19]     |   25.944|
io_dip[9]      |io_led[20]     |   26.204|
io_dip[9]      |io_led[21]     |   25.947|
io_dip[9]      |io_led[22]     |   26.131|
io_dip[9]      |io_led[23]     |   26.627|
io_dip[10]     |io_led[0]      |   19.627|
io_dip[10]     |io_led[1]      |   18.846|
io_dip[10]     |io_led[2]      |   17.146|
io_dip[10]     |io_led[3]      |   17.740|
io_dip[10]     |io_led[4]      |   18.035|
io_dip[10]     |io_led[5]      |   18.397|
io_dip[10]     |io_led[6]      |   18.690|
io_dip[10]     |io_led[7]      |   18.474|
io_dip[10]     |io_led[8]      |   18.382|
io_dip[10]     |io_led[9]      |   18.246|
io_dip[10]     |io_led[10]     |   19.987|
io_dip[10]     |io_led[11]     |   19.502|
io_dip[10]     |io_led[12]     |   18.904|
io_dip[10]     |io_led[13]     |   17.943|
io_dip[10]     |io_led[14]     |   20.479|
io_dip[10]     |io_led[15]     |   19.843|
io_dip[10]     |io_led[16]     |   25.857|
io_dip[10]     |io_led[17]     |   26.041|
io_dip[10]     |io_led[18]     |   26.041|
io_dip[10]     |io_led[19]     |   26.139|
io_dip[10]     |io_led[20]     |   26.399|
io_dip[10]     |io_led[21]     |   26.142|
io_dip[10]     |io_led[22]     |   26.326|
io_dip[10]     |io_led[23]     |   26.822|
io_dip[11]     |io_led[0]      |   19.944|
io_dip[11]     |io_led[1]      |   19.163|
io_dip[11]     |io_led[2]      |   17.463|
io_dip[11]     |io_led[3]      |   18.057|
io_dip[11]     |io_led[4]      |   18.352|
io_dip[11]     |io_led[5]      |   18.714|
io_dip[11]     |io_led[6]      |   19.007|
io_dip[11]     |io_led[7]      |   18.791|
io_dip[11]     |io_led[8]      |   18.699|
io_dip[11]     |io_led[9]      |   18.563|
io_dip[11]     |io_led[10]     |   20.304|
io_dip[11]     |io_led[11]     |   19.819|
io_dip[11]     |io_led[12]     |   19.221|
io_dip[11]     |io_led[13]     |   18.260|
io_dip[11]     |io_led[14]     |   20.796|
io_dip[11]     |io_led[15]     |   20.160|
io_dip[11]     |io_led[16]     |   26.174|
io_dip[11]     |io_led[17]     |   26.358|
io_dip[11]     |io_led[18]     |   26.358|
io_dip[11]     |io_led[19]     |   26.456|
io_dip[11]     |io_led[20]     |   26.716|
io_dip[11]     |io_led[21]     |   26.459|
io_dip[11]     |io_led[22]     |   26.643|
io_dip[11]     |io_led[23]     |   27.139|
io_dip[12]     |io_led[0]      |   19.842|
io_dip[12]     |io_led[1]      |   19.061|
io_dip[12]     |io_led[2]      |   17.361|
io_dip[12]     |io_led[3]      |   17.955|
io_dip[12]     |io_led[4]      |   18.250|
io_dip[12]     |io_led[5]      |   18.612|
io_dip[12]     |io_led[6]      |   18.905|
io_dip[12]     |io_led[7]      |   18.689|
io_dip[12]     |io_led[8]      |   18.597|
io_dip[12]     |io_led[9]      |   18.461|
io_dip[12]     |io_led[10]     |   20.202|
io_dip[12]     |io_led[11]     |   19.717|
io_dip[12]     |io_led[12]     |   19.119|
io_dip[12]     |io_led[13]     |   18.158|
io_dip[12]     |io_led[14]     |   20.694|
io_dip[12]     |io_led[15]     |   20.058|
io_dip[12]     |io_led[16]     |   26.072|
io_dip[12]     |io_led[17]     |   26.256|
io_dip[12]     |io_led[18]     |   26.256|
io_dip[12]     |io_led[19]     |   26.354|
io_dip[12]     |io_led[20]     |   26.614|
io_dip[12]     |io_led[21]     |   26.357|
io_dip[12]     |io_led[22]     |   26.541|
io_dip[12]     |io_led[23]     |   27.037|
io_dip[13]     |io_led[0]      |   19.469|
io_dip[13]     |io_led[1]      |   18.688|
io_dip[13]     |io_led[2]      |   16.988|
io_dip[13]     |io_led[3]      |   17.582|
io_dip[13]     |io_led[4]      |   17.877|
io_dip[13]     |io_led[5]      |   18.239|
io_dip[13]     |io_led[6]      |   18.532|
io_dip[13]     |io_led[7]      |   18.316|
io_dip[13]     |io_led[8]      |   18.224|
io_dip[13]     |io_led[9]      |   18.088|
io_dip[13]     |io_led[10]     |   19.829|
io_dip[13]     |io_led[11]     |   19.344|
io_dip[13]     |io_led[12]     |   18.746|
io_dip[13]     |io_led[13]     |   17.785|
io_dip[13]     |io_led[14]     |   20.321|
io_dip[13]     |io_led[15]     |   19.685|
io_dip[13]     |io_led[16]     |   25.699|
io_dip[13]     |io_led[17]     |   25.883|
io_dip[13]     |io_led[18]     |   25.883|
io_dip[13]     |io_led[19]     |   25.981|
io_dip[13]     |io_led[20]     |   26.241|
io_dip[13]     |io_led[21]     |   25.984|
io_dip[13]     |io_led[22]     |   26.168|
io_dip[13]     |io_led[23]     |   26.664|
io_dip[14]     |io_led[0]      |   19.896|
io_dip[14]     |io_led[1]      |   19.115|
io_dip[14]     |io_led[2]      |   17.415|
io_dip[14]     |io_led[3]      |   18.009|
io_dip[14]     |io_led[4]      |   18.304|
io_dip[14]     |io_led[5]      |   18.666|
io_dip[14]     |io_led[6]      |   18.959|
io_dip[14]     |io_led[7]      |   18.743|
io_dip[14]     |io_led[8]      |   18.651|
io_dip[14]     |io_led[9]      |   18.515|
io_dip[14]     |io_led[10]     |   20.256|
io_dip[14]     |io_led[11]     |   19.771|
io_dip[14]     |io_led[12]     |   19.173|
io_dip[14]     |io_led[13]     |   18.212|
io_dip[14]     |io_led[14]     |   20.748|
io_dip[14]     |io_led[15]     |   20.112|
io_dip[14]     |io_led[16]     |   26.126|
io_dip[14]     |io_led[17]     |   26.310|
io_dip[14]     |io_led[18]     |   26.310|
io_dip[14]     |io_led[19]     |   26.408|
io_dip[14]     |io_led[20]     |   26.668|
io_dip[14]     |io_led[21]     |   26.411|
io_dip[14]     |io_led[22]     |   26.595|
io_dip[14]     |io_led[23]     |   27.091|
io_dip[15]     |io_led[0]      |   19.809|
io_dip[15]     |io_led[1]      |   19.028|
io_dip[15]     |io_led[2]      |   17.328|
io_dip[15]     |io_led[3]      |   17.922|
io_dip[15]     |io_led[4]      |   18.217|
io_dip[15]     |io_led[5]      |   18.579|
io_dip[15]     |io_led[6]      |   18.872|
io_dip[15]     |io_led[7]      |   18.656|
io_dip[15]     |io_led[8]      |   18.564|
io_dip[15]     |io_led[9]      |   18.428|
io_dip[15]     |io_led[10]     |   20.169|
io_dip[15]     |io_led[11]     |   19.684|
io_dip[15]     |io_led[12]     |   19.086|
io_dip[15]     |io_led[13]     |   18.125|
io_dip[15]     |io_led[14]     |   20.661|
io_dip[15]     |io_led[15]     |   20.025|
io_dip[15]     |io_led[16]     |   26.039|
io_dip[15]     |io_led[17]     |   26.223|
io_dip[15]     |io_led[18]     |   26.223|
io_dip[15]     |io_led[19]     |   26.321|
io_dip[15]     |io_led[20]     |   26.581|
io_dip[15]     |io_led[21]     |   26.324|
io_dip[15]     |io_led[22]     |   26.508|
io_dip[15]     |io_led[23]     |   27.004|
io_dip[18]     |io_led[0]      |   16.345|
io_dip[18]     |io_led[1]      |   17.188|
io_dip[18]     |io_led[2]      |   14.806|
io_dip[18]     |io_led[3]      |   15.053|
io_dip[18]     |io_led[4]      |   15.812|
io_dip[18]     |io_led[5]      |   16.047|
io_dip[18]     |io_led[6]      |   15.424|
io_dip[18]     |io_led[7]      |   15.465|
io_dip[18]     |io_led[8]      |   15.789|
io_dip[18]     |io_led[9]      |   15.080|
io_dip[18]     |io_led[10]     |   15.966|
io_dip[18]     |io_led[11]     |   16.593|
io_dip[18]     |io_led[12]     |   16.147|
io_dip[18]     |io_led[13]     |   15.988|
io_dip[18]     |io_led[14]     |   17.801|
io_dip[18]     |io_led[15]     |   17.203|
io_dip[18]     |io_led[16]     |   22.908|
io_dip[18]     |io_led[17]     |   23.092|
io_dip[18]     |io_led[18]     |   23.092|
io_dip[18]     |io_led[19]     |   23.190|
io_dip[18]     |io_led[20]     |   23.450|
io_dip[18]     |io_led[21]     |   23.193|
io_dip[18]     |io_led[22]     |   23.377|
io_dip[18]     |io_led[23]     |   23.873|
io_dip[19]     |io_led[0]      |   15.182|
io_dip[19]     |io_led[1]      |   15.433|
io_dip[19]     |io_led[2]      |   14.008|
io_dip[19]     |io_led[3]      |   14.902|
io_dip[19]     |io_led[4]      |   16.714|
io_dip[19]     |io_led[5]      |   15.821|
io_dip[19]     |io_led[6]      |   16.143|
io_dip[19]     |io_led[7]      |   13.633|
io_dip[19]     |io_led[8]      |   14.424|
io_dip[19]     |io_led[9]      |   15.992|
io_dip[19]     |io_led[10]     |   16.868|
io_dip[19]     |io_led[11]     |   15.076|
io_dip[19]     |io_led[12]     |   14.451|
io_dip[19]     |io_led[13]     |   15.096|
io_dip[19]     |io_led[14]     |   18.415|
io_dip[19]     |io_led[15]     |   15.763|
io_dip[19]     |io_led[16]     |   23.347|
io_dip[19]     |io_led[17]     |   23.531|
io_dip[19]     |io_led[18]     |   23.531|
io_dip[19]     |io_led[19]     |   23.629|
io_dip[19]     |io_led[20]     |   23.889|
io_dip[19]     |io_led[21]     |   23.632|
io_dip[19]     |io_led[22]     |   23.816|
io_dip[19]     |io_led[23]     |   24.312|
io_dip[20]     |io_led[0]      |   15.742|
io_dip[20]     |io_led[1]      |   15.265|
io_dip[20]     |io_led[2]      |   14.434|
io_dip[20]     |io_led[3]      |   13.783|
io_dip[20]     |io_led[4]      |   14.702|
io_dip[20]     |io_led[5]      |   15.192|
io_dip[20]     |io_led[6]      |   15.021|
io_dip[20]     |io_led[7]      |   13.917|
io_dip[20]     |io_led[8]      |   14.571|
io_dip[20]     |io_led[9]      |   15.287|
io_dip[20]     |io_led[10]     |   14.547|
io_dip[20]     |io_led[11]     |   16.035|
io_dip[20]     |io_led[12]     |   14.849|
io_dip[20]     |io_led[13]     |   15.185|
io_dip[20]     |io_led[14]     |   16.343|
io_dip[20]     |io_led[15]     |   16.538|
io_dip[20]     |io_led[16]     |   22.188|
io_dip[20]     |io_led[17]     |   22.372|
io_dip[20]     |io_led[18]     |   22.372|
io_dip[20]     |io_led[19]     |   22.470|
io_dip[20]     |io_led[20]     |   22.730|
io_dip[20]     |io_led[21]     |   22.473|
io_dip[20]     |io_led[22]     |   22.657|
io_dip[20]     |io_led[23]     |   23.153|
io_dip[21]     |io_led[3]      |   13.819|
io_dip[21]     |io_led[4]      |   14.676|
io_dip[21]     |io_led[5]      |   14.856|
io_dip[21]     |io_led[7]      |   13.605|
io_dip[21]     |io_led[10]     |   14.378|
io_dip[21]     |io_led[11]     |   14.619|
io_dip[21]     |io_led[12]     |   14.410|
io_dip[21]     |io_led[13]     |   14.864|
io_dip[21]     |io_led[14]     |   15.621|
io_dip[21]     |io_led[15]     |   15.705|
io_dip[21]     |io_led[16]     |   20.849|
io_dip[21]     |io_led[17]     |   21.033|
io_dip[21]     |io_led[18]     |   21.033|
io_dip[21]     |io_led[19]     |   21.131|
io_dip[21]     |io_led[20]     |   21.391|
io_dip[21]     |io_led[21]     |   21.134|
io_dip[21]     |io_led[22]     |   21.318|
io_dip[21]     |io_led[23]     |   21.814|
io_dip[22]     |io_led[0]      |   14.174|
io_dip[22]     |io_led[1]      |   14.998|
io_dip[22]     |io_led[2]      |   13.991|
io_dip[22]     |io_led[3]      |   13.838|
io_dip[22]     |io_led[4]      |   15.226|
io_dip[22]     |io_led[5]      |   14.873|
io_dip[22]     |io_led[6]      |   15.049|
io_dip[22]     |io_led[7]      |   13.506|
io_dip[22]     |io_led[8]      |   15.857|
io_dip[22]     |io_led[9]      |   15.137|
io_dip[22]     |io_led[10]     |   14.588|
io_dip[22]     |io_led[11]     |   14.735|
io_dip[22]     |io_led[12]     |   14.120|
io_dip[22]     |io_led[13]     |   14.913|
io_dip[22]     |io_led[14]     |   16.010|
io_dip[22]     |io_led[15]     |   16.340|
io_dip[22]     |io_led[16]     |   22.976|
io_dip[22]     |io_led[17]     |   23.160|
io_dip[22]     |io_led[18]     |   23.160|
io_dip[22]     |io_led[19]     |   23.258|
io_dip[22]     |io_led[20]     |   23.518|
io_dip[22]     |io_led[21]     |   23.261|
io_dip[22]     |io_led[22]     |   23.445|
io_dip[22]     |io_led[23]     |   23.941|
io_dip[23]     |io_led[0]      |   14.765|
io_dip[23]     |io_led[1]      |   16.625|
io_dip[23]     |io_led[2]      |   14.131|
io_dip[23]     |io_led[3]      |   14.719|
io_dip[23]     |io_led[4]      |   15.870|
io_dip[23]     |io_led[5]      |   14.965|
io_dip[23]     |io_led[6]      |   15.287|
io_dip[23]     |io_led[7]      |   13.059|
io_dip[23]     |io_led[8]      |   15.938|
io_dip[23]     |io_led[9]      |   15.617|
io_dip[23]     |io_led[10]     |   15.264|
io_dip[23]     |io_led[11]     |   15.686|
io_dip[23]     |io_led[12]     |   15.330|
io_dip[23]     |io_led[13]     |   14.246|
io_dip[23]     |io_led[14]     |   18.010|
io_dip[23]     |io_led[15]     |   16.421|
io_dip[23]     |io_led[16]     |   23.057|
io_dip[23]     |io_led[17]     |   23.241|
io_dip[23]     |io_led[18]     |   23.241|
io_dip[23]     |io_led[19]     |   23.339|
io_dip[23]     |io_led[20]     |   23.599|
io_dip[23]     |io_led[21]     |   23.342|
io_dip[23]     |io_led[22]     |   23.526|
io_dip[23]     |io_led[23]     |   24.022|
---------------+---------------+---------+


Analysis completed Tue Nov 05 16:02:14 2019 
--------------------------------------------------------------------------------

Trace Settings:
-------------------------
Trace Settings 

Peak Memory Usage: 168 MB



